// Jest Snapshot v1, https://goo.gl/fbAQLP

exports[`SendMessage 컴포넌트 렌더링이 올바르게 된다 1`] = `
.c0 {
  display: -webkit-box;
  display: -webkit-flex;
  display: -ms-flexbox;
  display: flex;
  padding: 10px 16px 20px;
  position: absolute;
  left: 0;
  right: 0;
  bottom: 0;
}

.c1 {
  -webkit-flex: 1;
  -ms-flex: 1;
  flex: 1;
  height: 50px;
  margin-right: 12px;
  padding: 17px 16px 16px;
  border-radius: 25px;
  box-shadow: 0 2px 4px 0;
}

.c3 {
  width: 50px;
  height: 50px;
  border-radius: 50%;
  -webkit-transition: opacity 300ms;
  transition: opacity 300ms;
  display: -webkit-box;
  display: -webkit-flex;
  display: -ms-flexbox;
  display: flex;
  -webkit-box-pack: center;
  -webkit-justify-content: center;
  -ms-flex-pack: center;
  justify-content: center;
  -webkit-align-items: center;
  -webkit-box-align: center;
  -ms-flex-align: center;
  align-items: center;
}

.c3:disabled {
  opacity: 0.4;
}

.c2 {
  font-family: AppleSDGothicNeo,sans-serif;
  font-size: 14px;
  -webkit-letter-spacing: -0.12px;
  -moz-letter-spacing: -0.12px;
  -ms-letter-spacing: -0.12px;
  letter-spacing: -0.12px;
  width: 100%;
  resize: none;
  -ms-overflow-style: none;
  -webkit-scrollbar-width: none;
  -moz-scrollbar-width: none;
  -ms-scrollbar-width: none;
  scrollbar-width: none;
}

.c2 {
  font-family: AppleSDGothicNeo,sans-serif;
  font-size: 14px;
  -webkit-letter-spacing: -0.12px;
  -moz-letter-spacing: -0.12px;
  -ms-letter-spacing: -0.12px;
  letter-spacing: -0.12px;
  width: 100%;
  resize: none;
  -ms-overflow-style: none;
  -webkit-scrollbar-width: none;
  -moz-scrollbar-width: none;
  -ms-scrollbar-width: none;
  scrollbar-width: none;
}

.c2 {
  font-family: AppleSDGothicNeo,sans-serif;
  font-size: 14px;
  -webkit-letter-spacing: -0.12px;
  -moz-letter-spacing: -0.12px;
  -ms-letter-spacing: -0.12px;
  letter-spacing: -0.12px;
  width: 100%;
  resize: none;
  -ms-overflow-style: none;
  -webkit-scrollbar-width: none;
  -moz-scrollbar-width: none;
  -ms-scrollbar-width: none;
  scrollbar-width: none;
}

.c2 {
  font-family: AppleSDGothicNeo,sans-serif;
  font-size: 14px;
  -webkit-letter-spacing: -0.12px;
  -moz-letter-spacing: -0.12px;
  -ms-letter-spacing: -0.12px;
  letter-spacing: -0.12px;
  width: 100%;
  resize: none;
  -ms-overflow-style: none;
  -webkit-scrollbar-width: none;
  -moz-scrollbar-width: none;
  -ms-scrollbar-width: none;
  scrollbar-width: none;
}

.c2::-webkit-scrollbar {
  display: none;
}

.c4 {
  display: -webkit-box;
  display: -webkit-flex;
  display: -ms-flexbox;
  display: flex;
}

<div>
  <form
    class="c0"
  >
    <div
      class="c1"
    >
      <textarea
        class="c2"
        name="message"
        placeholder="메시지를 입력하세요.."
        rows="1"
      />
    </div>
    <button
      class="c3"
      disabled=""
      type="submit"
    >
      <div
        class="c4"
      />
    </button>
  </form>
</div>
`;
